Program Version,EnergyPlus, Version 26.1.0-6f2e40d102, YMD=2026.07.25 23:47,
   ************* Beginning Zone Sizing Calculations
   ************* Beginning System Sizing Calculations
   ************* Beginning Plant Sizing Calculations
   ** Warning ** Output:Meter: invalid Key Name="INTERIOREQUIPMENT:NATURALGAS" - not found.
   ************* Testing Individual Branch Integrity
   ************* All Branches passed integrity testing
   ************* Testing Individual Supply Air Path Integrity
   ************* All Supply Air Paths passed integrity testing
   ************* Testing Individual Return Air Path Integrity
   ************* All Return Air Paths passed integrity testing
   ************* No node connection errors were found.
   ************* Beginning Simulation
   ** Warning ** Output:Table:Monthly requested with SimulationControl Run Simulation for Weather File Run Periods set to No so Output:Table:Monthly will not be generated
   ** Warning ** Output:Table:TimeBins requested with SimulationControl Run Simulation for Weather File Run Periods set to No so Output:Table:TimeBins will not be generated
   ************* Simulation Error Summary *************
   ** Warning ** The following Report Variables were requested but not generated -- check.rdd file
   **   ~~~   ** Either the IDF did not contain these elements, the variable name is misspelled,
   **   ~~~   ** or the requested variable is an advanced output which requires Output : Diagnostics, DisplayAdvancedReportVariables;
   ************* Key=*, VarName=BOILER NATURALGAS ENERGY, Frequency=Hourly
   ************* Key=*, VarName=BOILER INLET TEMPERATURE, Frequency=Hourly
   ************* Key=*, VarName=BOILER OUTLET TEMPERATURE, Frequency=Hourly
   ************* Key=*, VarName=BOILER PART LOAD RATIO, Frequency=Hourly
   ************* There are 9 unused objects in input.
   ************* Use Output:Diagnostics,DisplayUnusedObjects; to see them.
   ************* EnergyPlus Warmup Error Summary. During Warmup: 0 Warning; 0 Severe Errors.
   ************* EnergyPlus Sizing Error Summary. During Sizing: 0 Warning; 0 Severe Errors.
   ************* EnergyPlus Completed Successfully-- 3 Warning; 0 Severe Errors; Elapsed Time=00hr 00min  1.64sec
